
Memory Configuration

Name             Origin             Length             Attributes
*default*        0x0000000000000000 0xffffffffffffffff

Linker script and memory map

LOAD tmp/arm64-darwin.macho-fold.o
LOAD tmp/arm64-expand.o
LOAD tmp/arm64-darwin.macho-main.o

.interp
 *(.interp)

.note.gnu.build-id
 *(.note.gnu.build-id)

.hash
 *(.hash)

.gnu.hash
 *(.gnu.hash)

.dynsym
 *(.dynsym)

.dynstr
 *(.dynstr)

.gnu.version
 *(.gnu.version)

.gnu.version_d
 *(.gnu.version_d)

.gnu.version_r
 *(.gnu.version_r)

.rela.init
 *(.rela.init)

.rela.text
 *(.rela.text)

.rela.fini
 *(.rela.fini)

.rela.rodata
 *(.rela.rodata)

.rela.data.rel.ro
 *(.rela.data.rel.ro)

.rela.data
 *(.rela.data)

.rela.tdata
 *(.rela.tdata)

.rela.tbss
 *(.rela.tbss)

.rela.ctors
 *(.rela.ctors)

.rela.dtors
 *(.rela.dtors)

.rela.got
 *(.rela.got)

.rela.bss
 *(.rela.bss)

.rela.ifunc
 *(.rela.ifunc)

.rela.plt
 *(.rela.plt)

.init
 *(SORT(.init))

.plt
 *(.plt)
 *(.iplt)

.text           0x0000000000000000      0x9dc
 *(.text .stub)
 .text          0x0000000000000000      0x158 tmp/arm64-darwin.macho-fold.o
                0x0000000000000000                _start
                0x00000000000000b4                spin
                0x00000000000000b8                exit
                0x00000000000000c0                read
                0x00000000000000cc                write
                0x00000000000000d8                open
                0x00000000000000e4                close
                0x00000000000000f0                brk
                0x00000000000000fc                munmap
                0x0000000000000108                mprotect
                0x0000000000000114                mmap
                0x0000000000000120                pread
                0x000000000000012c                bswap
 .text          0x0000000000000158        0x0 tmp/arm64-expand.o
 .text          0x0000000000000158      0x884 tmp/arm64-darwin.macho-main.o
                0x0000000000000310                my_bkpt
                0x000000000000035c                do_xmap
                0x0000000000000800                upx_main
 *(.gnu.warning)

.fini
 *(SORT(.fini))

.rodata
 *(.rodata)

.rodata1
 *(.rodata1)

.eh_frame_hdr
 *(.eh_frame_hdr)

.eh_frame       0x0000000000000000      0x130
 *(.eh_frame)
 .eh_frame      0x0000000000000000      0x130 tmp/arm64-darwin.macho-main.o
                                        0x120 (size before relaxing)

.gcc_except_table
 *(.gcc_except_table .gcc_except_table.*)

.exception_ranges
 *(.exception_ranges .exception_ranges*)

.eh_frame
 *(.eh_frame)

.gcc_except_table
 *(.gcc_except_table .gcc_except_table.*)

.exception_ranges
 *(.exception_ranges .exception_ranges*)

.tdata
 *(.tdata)

.tbss
 *(.tbss)

.preinit_array
 *(.preinit_array)

.jcr
 *(.jcr)

.dynamic
 *(.dynamic)

.got
 *(.got)
 *(.igot)

.got.plt
 *(.got.plt)
 *(.igot.plt)

.data           0x0000000000000000        0x0
 *(.data)
 .data          0x0000000000000000        0x0 tmp/arm64-darwin.macho-fold.o
 .data          0x0000000000000000        0x0 tmp/arm64-expand.o
 .data          0x0000000000000000        0x0 tmp/arm64-darwin.macho-main.o

.data1
 *(.data1)

.bss            0x0000000000000000        0x0
 *(.dynbss)
 *(.bss)
 .bss           0x0000000000000000        0x0 tmp/arm64-darwin.macho-fold.o
 .bss           0x0000000000000000        0x0 tmp/arm64-expand.o
 .bss           0x0000000000000000        0x0 tmp/arm64-darwin.macho-main.o
 *(COMMON)

.stab
 *(.stab)

.stabstr
 *(.stabstr)

.stab.excl
 *(.stab.excl)

.stab.exclstr
 *(.stab.exclstr)

.stab.index
 *(.stab.index)

.stab.indexstr
 *(.stab.indexstr)

.comment
 *(.comment)

EXP_HEAD        0x0000000000000000      0x104
 EXP_HEAD       0x0000000000000000      0x104 tmp/arm64-expand.o
                0x0000000000000000                f_expand

EXP_TAIL        0x0000000000000000       0x54
 EXP_TAIL       0x0000000000000000       0x54 tmp/arm64-expand.o
                0x000000000000000c                eof
                0x0000000000000048                eof_lzma
                0x0000000000000054                upx_mmap_and_fd

NRV2E           0x0000000000000000       0xf4
 NRV2E          0x0000000000000000       0xf4 tmp/arm64-expand.o
                0x0000000000000008                ucl_nrv2e_decompress_32

NRV2D           0x0000000000000000       0xe8
 NRV2D          0x0000000000000000       0xe8 tmp/arm64-expand.o
                0x0000000000000008                ucl_nrv2d_decompress_32

NRV2B           0x0000000000000000       0xbc
 NRV2B          0x0000000000000000       0xbc tmp/arm64-expand.o
                0x0000000000000008                ucl_nrv2b_decompress_32

LZMA_DAISY      0x0000000000000000        0x8
 LZMA_DAISY     0x0000000000000000        0x8 tmp/arm64-expand.o

LZMA_ELF00      0x0000000000000000       0x64
 LZMA_ELF00     0x0000000000000000       0x64 tmp/arm64-expand.o

LZMA_DEC20      0x0000000000000000      0x96c
 LZMA_DEC20     0x0000000000000000      0x96c tmp/arm64-expand.o

LZMA_DEC10      0x0000000000000000      0x4a8
 LZMA_DEC10     0x0000000000000000      0x4a8 tmp/arm64-expand.o

LZMA_DEC30      0x0000000000000000        0x8
 LZMA_DEC30     0x0000000000000000        0x8 tmp/arm64-expand.o

.debug
 *(.debug)

.line
 *(.line)

.debug_srcinfo
 *(.debug_srcinfo)

.debug_sfnames
 *(.debug_sfnames)

.debug_aranges
 *(.debug_aranges)

.debug_pubnames
 *(.debug_pubnames)

.debug_info
 *(.debug_info)

.debug_abbrev
 *(.debug_abbrev)

.debug_line
 *(.debug_line .debug_line.* .debug_line_end)

.debug_frame
 *(.debug_frame)

.debug_str
 *(.debug_str)

.debug_loc
 *(.debug_loc)

.debug_macinfo
 *(.debug_macinfo)

.debug_weaknames
 *(.debug_weaknames)

.debug_funcnames
 *(.debug_funcnames)

.debug_typenames
 *(.debug_typenames)

.debug_varnames
 *(.debug_varnames)

.debug_pubtypes
 *(.debug_pubtypes)

.debug_ranges
 *(.debug_ranges)

.debug_macro
 *(.debug_macro)

.ARM.attributes
 *(.ARM.attributes)
 *(.gnu.attributes)

.note.gnu.arm.ident
 *(.note.gnu.arm.ident)
OUTPUT(tmp/arm64-darwin.macho-fold.bin elf64-littleaarch64)
